 ⚠ Unsupported metadata themeColor is configured in metadata export in /u/streamer1. Please move it to viewport export instead.
Read more: https://nextjs.org/docs/app/api-reference/functions/generate-viewport
 ⚠ Unsupported metadata themeColor is configured in metadata export in /icon-192.png. Please move it to viewport export instead.
Read more: https://nextjs.org/docs/app/api-reference/functions/generate-viewport
Error: Clerk: auth() was called but Clerk can't detect usage of authMiddleware(). Please ensure the following:
- authMiddleware() is used in your Next.js Middleware.
- Your Middleware matcher is configured to match this route or page.
- If you are using the src directory, make sure the Middleware file is inside of it.

For more details, see https://clerk.com/docs/quickstarts/nextjs

    at D:\twitch-clone\.next\server\chunks\8502.js:12:46381
    at D:\twitch-clone\.next\server\chunks\8502.js:12:44481
    at rA (D:\twitch-clone\.next\server\chunks\8502.js:14:94)
    at rB (D:\twitch-clone\.next\server\chunks\8502.js:85:753)
    at D (D:\twitch-clone\.next\server\chunks\8916.js:1:7910)
    at em (D:\twitch-clone\node_modules\next\dist\compiled\next-server\app-page.runtime.prod.js:12:128334)
    at D:\twitch-clone\node_modules\next\dist\compiled\next-server\app-page.runtime.prod.js:12:140034
    at Array.toJSON (D:\twitch-clone\node_modules\next\dist\compiled\next-server\app-page.runtime.prod.js:12:143612)
    at stringify (<anonymous>)
    at eE (D:\twitch-clone\node_modules\next\dist\compiled\next-server\app-page.runtime.prod.js:12:131997)
Error: Clerk: auth() was called but Clerk can't detect usage of authMiddleware(). Please ensure the following:
- authMiddleware() is used in your Next.js Middleware.
- Your Middleware matcher is configured to match this route or page.
- If you are using the src directory, make sure the Middleware file is inside of it.

For more details, see https://clerk.com/docs/quickstarts/nextjs

    at D:\twitch-clone\.next\server\chunks\8502.js:12:46381
    at D:\twitch-clone\.next\server\chunks\8502.js:12:44481
    at rA (D:\twitch-clone\.next\server\chunks\8502.js:14:94)
    at rB (D:\twitch-clone\.next\server\chunks\8502.js:85:753)
    at C (D:\twitch-clone\.next\server\app\(browse)\[username]\page.js:1:15375)
    at em (D:\twitch-clone\node_modules\next\dist\compiled\next-server\app-page.runtime.prod.js:12:128334)
    at D:\twitch-clone\node_modules\next\dist\compiled\next-server\app-page.runtime.prod.js:12:140034
    at Array.toJSON (D:\twitch-clone\node_modules\next\dist\compiled\next-server\app-page.runtime.prod.js:12:143612)
    at stringify (<anonymous>)
    at eE (D:\twitch-clone\node_modules\next\dist\compiled\next-server\app-page.runtime.prod.js:12:131997)
[Error: An error occurred in the Server Components render. The specific message is omitted in production builds to avoid leaking sensitive details. A digest property is included on this error instance which may provide additional details about the nature of the error.] {
  digest: '3011510318'
}
 ⚠ Unsupported metadata themeColor is configured in metadata export in /icon-192.png. Please move it to viewport export instead.
Read more: https://nextjs.org/docs/app/api-reference/functions/generate-viewport
